// Jest Snapshot v1, https://goo.gl/fbAQLP

exports[`FOProductsSection Test should render FOProductsSection correctly 1`] = `
<RNCSafeAreaProvider
  onInsetsChange={[Function]}
  style={
    Array [
      Object {
        "flex": 1,
      },
      undefined,
    ]
  }
>
  <View
    dataSet={Object {}}
    style={
      Object {
        "flex": 1,
        "height": "100%",
      }
    }
  >
    <Text
      dataSet={Object {}}
      style={
        Object {
          "alignSelf": "center",
          "backgroundColor": undefined,
          "color": "#171717",
          "fontFamily": undefined,
          "fontSize": 14,
          "fontStyle": "normal",
          "fontWeight": "400",
          "letterSpacing": 0,
          "lineHeight": 21,
          "textDecorationLine": undefined,
        }
      }
    >
      Loading
    </Text>
  </View>
</RNCSafeAreaProvider>
`;
