// Jest Snapshot v1, https://goo.gl/fbAQLP

exports[`Setting screen Render Setting screen 1`] = `
<RNCSafeAreaProvider
  onInsetsChange={[Function]}
  style={
    Array [
      Object {
        "flex": 1,
      },
      undefined,
    ]
  }
>
  <RNCSafeAreaView
    edges={
      Array [
        "bottom",
        "left",
        "right",
        "top",
      ]
    }
    style={
      Object {
        "flex": 1,
        "justifyContent": "center",
        "padding": 20,
      }
    }
  >
    <View
      accessibilityRole="button"
      accessible={true}
      collapsable={false}
      colorScheme="primary"
      dataSet={Object {}}
      focusable={true}
      onBlur={[Function]}
      onClick={[Function]}
      onFocus={[Function]}
      onResponderGrant={[Function]}
      onResponderMove={[Function]}
      onResponderRelease={[Function]}
      onResponderTerminate={[Function]}
      onResponderTerminationRequest={[Function]}
      onStartShouldSetResponder={[Function]}
      style={
        Object {
          "alignItems": "center",
          "backgroundColor": "#0891b2",
          "borderRadius": 4,
          "flexDirection": "row",
          "justifyContent": "center",
          "paddingBottom": 10,
          "paddingLeft": 12,
          "paddingRight": 12,
          "paddingTop": 10,
        }
      }
      testID="btn-demo-rcd"
    >
      <View
        dataSet={Object {}}
        style={
          Object {
            "alignItems": "center",
            "flexDirection": "row",
          }
        }
        test={true}
      >
        <View
          dataSet={Object {}}
          style={Object {}}
        >
          <Text
            dataSet={Object {}}
            style={
              Object {
                "backgroundColor": undefined,
                "color": "#fafafa",
                "fontFamily": undefined,
                "fontSize": 14,
                "fontStyle": "normal",
                "fontWeight": "400",
                "letterSpacing": 0,
                "lineHeight": 21,
                "textDecorationLine": undefined,
              }
            }
          >
            Remote Config Demo
          </Text>
        </View>
      </View>
    </View>
  </RNCSafeAreaView>
</RNCSafeAreaProvider>
`;
